''BaseGeometry''function
========================

Using ``BaseGeometry``
---------------------

>>> BaseGeometry = __import__('7-base_geometry').BaseGeometry

>>> bg.integer_validator("my_int", -9)
Traceback (most recent call last):
    ...
ValueError: my_int must be greater than 0

>>> bg.integer_validator("my_int", "a")
Traceback (most recent call last):
    ...
TypeError: my_int must be an integer

>>> bg.integer_validator("my_int", 9.99)
Traceback (most recent call last):
    ...
TypeError: my_int must be an integer

>>> bg.integer_validator("my_int", {5, 6})
Traceback (most recent call last):
    ...
TypeError: my_int must be an integer

>>> bg.integer_validator("my_int", [5, 6])
Traceback (most recent call last):
    ...
TypeError: my_int must be an integer

>>> bg.integer_validator("my_int", )
Traceback (most recent call last):
    ...
TypeError: integer_validator() missing 1 required positional argument: 'value'

>>> bg.integer_validator()
Traceback (most recent call last):
    ...
TypeError: integer_validator() missing 2 required positional arguments: 'name' and 'value'

>>> bg.integer_validator("my_int", 0)
Traceback (most recent call last):
    ...
ValueError: my_int must be greater than 0
