``print_square`` function
========================

Using ``print_square``
---------------------

>>> print_square = __import__('4-print_square').print_square

>>> print(print_square(0))
None

>>> print(print_square(-2))
...
ValueError: size must be >= 0

>>> print(print_square())
...
TypeError: print_square() missing 1 required positional argument: 'size'

>>> print(print_square("4"))
...
TypeError: size must be an integer

>>> print(print_square(4))
####
####
####
####
None

>>> print(print_square("Doritos"))
...
TypeError: size must be an integer

>>> print(print_square(2.3))
...
TypeError: size must be an integer
